// Jest Snapshot v1, https://goo.gl/fbAQLP

exports[`Should render edit page correctly 1`] = `
<div>
  <ExpenseForm
    expense={
      Object {
        "amount": 350,
        "createAt": 172800000,
        "description": "Tee",
        "id": 2,
        "note": "",
      }
    }
    onSubmit={[Function]}
  />
  <button
    onClick={[Function]}
  >
    Remove
  </button>
</div>
`;
