// Jest Snapshot v1, https://goo.gl/fbAQLP

exports[`Should correctly expenses summary with expenses 1`] = `
<div>
  <h3>
    View 
    2
     expense(s) totalling 
    $23.51
  </h3>
</div>
`;
